test_aggregation_sums_native_fields_and_keeps_coordinator_domain_separate (test_benchmark_integrity.BenchmarkIntegrityTests.test_aggregation_sums_native_fields_and_keeps_coordinator_domain_separate) ... ok
test_argument_parser_accepts_result_timeout_seconds (test_benchmark_integrity.BenchmarkIntegrityTests.test_argument_parser_accepts_result_timeout_seconds) ... ok
test_argument_parser_supports_the_exact_task6_flags (test_benchmark_integrity.BenchmarkIntegrityTests.test_argument_parser_supports_the_exact_task6_flags) ... ok
test_baseline_refuses_invalid_matrix_row (test_benchmark_integrity.BenchmarkIntegrityTests.test_baseline_refuses_invalid_matrix_row) ... ok
test_baseline_refuses_missing_required_matrix_row (test_benchmark_integrity.BenchmarkIntegrityTests.test_baseline_refuses_missing_required_matrix_row) ... ok
test_baseline_rejects_row_that_declared_schema_rejects (test_benchmark_integrity.BenchmarkIntegrityTests.test_baseline_rejects_row_that_declared_schema_rejects) ... ok
test_baseline_requires_schema_valid_rows_and_fresh_acceptance_evidence (test_benchmark_integrity.BenchmarkIntegrityTests.test_baseline_requires_schema_valid_rows_and_fresh_acceptance_evidence) ... ok
test_cli_wall_clock_stops_at_final_publication_before_integrity_barrier (test_benchmark_integrity.BenchmarkIntegrityTests.test_cli_wall_clock_stops_at_final_publication_before_integrity_barrier) ... ok
test_committed_baseline_does_not_claim_pass_without_durable_evidence (test_benchmark_integrity.BenchmarkIntegrityTests.test_committed_baseline_does_not_claim_pass_without_durable_evidence) ... ok
test_generated_report_is_accepted_by_the_declared_json_schema (test_benchmark_integrity.BenchmarkIntegrityTests.test_generated_report_is_accepted_by_the_declared_json_schema) ... ok
test_hardware_metadata_reports_physical_memory_on_windows (test_benchmark_integrity.BenchmarkIntegrityTests.test_hardware_metadata_reports_physical_memory_on_windows) ... ok
test_hashed_acceptance_manifest_rejects_in_memory_proof_mutation (test_benchmark_integrity.BenchmarkIntegrityTests.test_hashed_acceptance_manifest_rejects_in_memory_proof_mutation) ... ok
test_integrity_rejects_duplicate_missing_unexpected_and_mismatched_hashes (test_benchmark_integrity.BenchmarkIntegrityTests.test_integrity_rejects_duplicate_missing_unexpected_and_mismatched_hashes) ... ok
test_integrity_rejects_each_native_and_coordinator_error (test_benchmark_integrity.BenchmarkIntegrityTests.test_integrity_rejects_each_native_and_coordinator_error) ... ok
test_integrity_rejects_failed_nonterminal_and_metadata_failures (test_benchmark_integrity.BenchmarkIntegrityTests.test_integrity_rejects_failed_nonterminal_and_metadata_failures) ... ok
test_off_diagnostic_report_is_labeled_as_non_training (test_benchmark_integrity.BenchmarkIntegrityTests.test_off_diagnostic_report_is_labeled_as_non_training) ... ok
test_percentiles_use_the_specified_ceiling_index (test_benchmark_integrity.BenchmarkIntegrityTests.test_percentiles_use_the_specified_ceiling_index) ... ok
test_schema_declares_version_and_required_top_level_contract (test_benchmark_integrity.BenchmarkIntegrityTests.test_schema_declares_version_and_required_top_level_contract) ... ok
test_schema_rejects_job_missing_required_gameplay_hash (test_benchmark_integrity.BenchmarkIntegrityTests.test_schema_rejects_job_missing_required_gameplay_hash) ... ok
test_coordinator_receipt_timing_excludes_lifecycle_settle_barrier (test_failure_isolation.FailureIsolationTests.test_coordinator_receipt_timing_excludes_lifecycle_settle_barrier) ... ok
test_crash_after_ready_is_distinguished_from_job_failure (test_failure_isolation.FailureIsolationTests.test_crash_after_ready_is_distinguished_from_job_failure) ... ok
test_deep_malformed_json_is_explicit_and_retires_worker (test_failure_isolation.FailureIsolationTests.test_deep_malformed_json_is_explicit_and_retires_worker) ... ok
test_extra_worker_result_is_not_accepted_as_the_next_job (test_failure_isolation.FailureIsolationTests.test_extra_worker_result_is_not_accepted_as_the_next_job) ... ok
test_handshake_mismatch_fails_before_dispatch (test_failure_isolation.FailureIsolationTests.test_handshake_mismatch_fails_before_dispatch) ... ok
test_invalid_jobs_fail_without_poisoning_healthy_pool (test_failure_isolation.FailureIsolationTests.test_invalid_jobs_fail_without_poisoning_healthy_pool) ... ok
test_invalid_utf8_is_explicit_malformed_protocol_failure (test_failure_isolation.FailureIsolationTests.test_invalid_utf8_is_explicit_malformed_protocol_failure) ... ok
test_nan_result_timeout_fails_before_worker_launch (test_failure_isolation.FailureIsolationTests.test_nan_result_timeout_fails_before_worker_launch) ... ok
test_outgoing_surrogates_are_invalid_jobs_without_worker_crash (test_failure_isolation.FailureIsolationTests.test_outgoing_surrogates_are_invalid_jobs_without_worker_crash) ... ok
test_pool_rejects_later_run_after_final_worker_crash_without_hanging (test_failure_isolation.FailureIsolationTests.test_pool_rejects_later_run_after_final_worker_crash_without_hanging) ... ok
test_primary_integrity_rejects_delayed_extra_result_after_publication (test_failure_isolation.FailureIsolationTests.test_primary_integrity_rejects_delayed_extra_result_after_publication) ... ok
test_primary_integrity_rejects_extra_result_after_publication (test_failure_isolation.FailureIsolationTests.test_primary_integrity_rejects_extra_result_after_publication) ... ok
test_primary_integrity_rejects_local_invalid_job_results (test_failure_isolation.FailureIsolationTests.test_primary_integrity_rejects_local_invalid_job_results) ... ok
test_ready_pid_mismatch_is_rejected_without_overwriting_actual_pid (test_failure_isolation.FailureIsolationTests.test_ready_pid_mismatch_is_rejected_without_overwriting_actual_pid) ... ok
test_replacement_handshake_failure_cleans_up_every_worker (test_failure_isolation.FailureIsolationTests.test_replacement_handshake_failure_cleans_up_every_worker) ... ok
test_replacement_launch_failure_retires_and_reaps_entire_pool (test_failure_isolation.FailureIsolationTests.test_replacement_launch_failure_retires_and_reaps_entire_pool) ... ok
test_replacement_worker_exit_after_ready_fails_closed (test_failure_isolation.FailureIsolationTests.test_replacement_worker_exit_after_ready_fails_closed) ... ok
test_restart_disabled_failure_retires_and_reaps_every_worker (test_failure_isolation.FailureIsolationTests.test_restart_disabled_failure_retires_and_reaps_every_worker) ... ok
test_result_then_exit_is_not_published_as_primary_evidence (test_failure_isolation.FailureIsolationTests.test_result_then_exit_is_not_published_as_primary_evidence) ... ok
test_result_then_exit_never_publishes_passed_under_repeated_scheduling (test_failure_isolation.FailureIsolationTests.test_result_then_exit_never_publishes_passed_under_repeated_scheduling) ... ok
test_result_worker_pid_mismatch_is_rejected_before_publication (test_failure_isolation.FailureIsolationTests.test_result_worker_pid_mismatch_is_rejected_before_publication) ... ok
test_reused_pool_resets_run_integrity_metadata (test_failure_isolation.FailureIsolationTests.test_reused_pool_resets_run_integrity_metadata) ... ok
test_surrogate_pair_job_id_matches_and_publishes_normalized_identity (test_failure_isolation.FailureIsolationTests.test_surrogate_pair_job_id_matches_and_publishes_normalized_identity) ... ok
test_timeout_diagnostics_are_bounded_and_durable_when_requested (test_failure_isolation.FailureIsolationTests.test_timeout_diagnostics_are_bounded_and_durable_when_requested) ... ok
test_timeout_preserves_fail_closed_integrity_reason (test_failure_isolation.FailureIsolationTests.test_timeout_preserves_fail_closed_integrity_reason) ... ok
test_timeout_retires_pool_and_clears_stale_mapping (test_failure_isolation.FailureIsolationTests.test_timeout_retires_pool_and_clears_stale_mapping) ... ok
test_timeout_uses_hung_job_deadline_despite_periodic_peer_results (test_failure_isolation.FailureIsolationTests.test_timeout_uses_hung_job_deadline_despite_periodic_peer_results) ... ok
test_unpaired_job_id_is_invalid_without_worker_crash (test_failure_isolation.FailureIsolationTests.test_unpaired_job_id_is_invalid_without_worker_crash) ... ok
test_valid_invalid_valid_jobs_are_explicit_and_sorted (test_failure_isolation.FailureIsolationTests.test_valid_invalid_valid_jobs_are_explicit_and_sorted) ... ok
test_valid_surrogate_pairs_keep_worker_usable (test_failure_isolation.FailureIsolationTests.test_valid_surrogate_pairs_keep_worker_usable) ... ok
test_worker_crash_is_failed_without_hidden_retry (test_failure_isolation.FailureIsolationTests.test_worker_crash_is_failed_without_hidden_retry) ... ok
test_ready_requires_exact_expected_identity (test_failure_isolation.WorkerProtocolValidationTests.test_ready_requires_exact_expected_identity) ... ok
test_result_validation_and_primary_integrity_fail_closed (test_failure_isolation.WorkerProtocolValidationTests.test_result_validation_and_primary_integrity_fail_closed) ... ok
test_execution_configuration_changes_only_execution_options (test_job_generation.JobGenerationTests.test_execution_configuration_changes_only_execution_options) ... ok
test_inputs_are_masked_to_64_bits_and_ids_are_unique (test_job_generation.JobGenerationTests.test_inputs_are_masked_to_64_bits_and_ids_are_unique) ... ok
test_mapping_does_not_depend_on_worker_count (test_job_generation.JobGenerationTests.test_mapping_does_not_depend_on_worker_count) ... ok
test_partition_cycle_and_job_ids (test_job_generation.JobGenerationTests.test_partition_cycle_and_job_ids) ... ok
test_splitmix64_reference_vectors (test_job_generation.JobGenerationTests.test_splitmix64_reference_vectors) ... ok
test_zero_and_negative_job_counts (test_job_generation.JobGenerationTests.test_zero_and_negative_job_counts) ... ok
test_nonmaterial_timing_decision_is_rejected (test_m4_3_5_harness.M435HarnessTests.test_nonmaterial_timing_decision_is_rejected) ... ok
test_raw_trace_hash_mismatch_is_not_accepted (test_m4_3_5_harness.M435HarnessTests.test_raw_trace_hash_mismatch_is_not_accepted) ... ok
test_fixture_dump_gate_requires_exact_bytes (test_m4_3_6_harness.M436HarnessTests.test_fixture_dump_gate_requires_exact_bytes) ... ok
test_audit_groups_have_exact_declared_key_sets (test_performance_audit_contract.PerformanceAuditContractTests.test_audit_groups_have_exact_declared_key_sets) ... ok
test_audit_groups_reject_missing_or_extra_keys (test_performance_audit_contract.PerformanceAuditContractTests.test_audit_groups_reject_missing_or_extra_keys) ... ok
test_audit_values_are_nonnegative_integers (test_performance_audit_contract.PerformanceAuditContractTests.test_audit_values_are_nonnegative_integers) ... ok
test_existing_report_without_audit_telemetry_remains_compatible (test_performance_audit_contract.PerformanceAuditContractTests.test_existing_report_without_audit_telemetry_remains_compatible) ... ok
test_missing_audit_telemetry_is_rejected_only_when_required (test_performance_audit_contract.PerformanceAuditContractTests.test_missing_audit_telemetry_is_rejected_only_when_required) ... ok
test_nested_observation_timing_cannot_exceed_outer_observation_timing (test_performance_audit_contract.PerformanceAuditContractTests.test_nested_observation_timing_cannot_exceed_outer_observation_timing) ... ok
test_aggregate_arithmetic_and_coordinator_domains (test_performance_audit_report.PerformanceAuditReportTests.test_aggregate_arithmetic_and_coordinator_domains) ... ok
test_candidate_ranking_includes_largest_hash_bucket (test_performance_audit_report.PerformanceAuditReportTests.test_candidate_ranking_includes_largest_hash_bucket) ... ok
test_counter_and_query_mutations_are_rejected (test_performance_audit_report.PerformanceAuditReportTests.test_counter_and_query_mutations_are_rejected) ... ok
test_identity_privacy_and_off_label_mutations_are_rejected (test_performance_audit_report.PerformanceAuditReportTests.test_identity_privacy_and_off_label_mutations_are_rejected) ... ok
test_markdown_round_trip_is_deterministic_and_explains_baselines (test_performance_audit_report.PerformanceAuditReportTests.test_markdown_round_trip_is_deterministic_and_explains_baselines) ... ok
test_missing_native_sample_does_not_write_report (test_performance_audit_report.PerformanceAuditReportTests.test_missing_native_sample_does_not_write_report) ... ok
test_report_and_schema_validate (test_performance_audit_report.PerformanceAuditReportTests.test_report_and_schema_validate) ... ok
test_schema_rejects_extra_top_level_field (test_performance_audit_report.PerformanceAuditReportTests.test_schema_rejects_extra_top_level_field) ... ok
test_timing_mutation_is_rejected (test_performance_audit_report.PerformanceAuditReportTests.test_timing_mutation_is_rejected) ... ok
test_aggregate_coordinator_timing_keeps_wait_separate_from_cpu_domains (test_performance_audit_runner.PerformanceAuditRunnerTests.test_aggregate_coordinator_timing_keeps_wait_separate_from_cpu_domains) ... ok
test_build_audit_jobs_preserves_deterministic_identity_for_modes (test_performance_audit_runner.PerformanceAuditRunnerTests.test_build_audit_jobs_preserves_deterministic_identity_for_modes) ... ok
test_cpu_domain_accounting_excludes_worker_wait (test_performance_audit_runner.PerformanceAuditRunnerTests.test_cpu_domain_accounting_excludes_worker_wait) ... ok
test_lifecycle_barriers_are_excluded_from_wait_and_sample_clock (test_performance_audit_runner.PerformanceAuditRunnerTests.test_lifecycle_barriers_are_excluded_from_wait_and_sample_clock) ... ok
test_nonblocking_short_operations_accumulate_with_perf_counter_window (test_performance_audit_runner.PerformanceAuditRunnerTests.test_nonblocking_short_operations_accumulate_with_perf_counter_window) ... ok
test_short_json_proxy_is_capped_at_available_cpu_residual (test_performance_audit_runner.PerformanceAuditRunnerTests.test_short_json_proxy_is_capped_at_available_cpu_residual) ... ok
test_sidecar_requires_all_native_detail_groups_and_rejects_shape_drift (test_performance_audit_runner.PerformanceAuditRunnerTests.test_sidecar_requires_all_native_detail_groups_and_rejects_shape_drift) ... ok
test_sidecar_requires_prefix_and_validates_existing_groups (test_performance_audit_runner.PerformanceAuditRunnerTests.test_sidecar_requires_prefix_and_validates_existing_groups) ... ok
test_sidecars_reject_missing_duplicate_and_malformed_records (test_performance_audit_runner.PerformanceAuditRunnerTests.test_sidecars_reject_missing_duplicate_and_malformed_records) ... ok
test_timing_snapshot_rejects_negative_and_boolean_values (test_performance_audit_runner.PerformanceAuditRunnerTests.test_timing_snapshot_rejects_negative_and_boolean_values) ... ok
test_partial_pid_sample_is_not_reported_as_complete (test_process_metrics.ProcessMetricsSamplerTests.test_partial_pid_sample_is_not_reported_as_complete) ... ok
test_canonical_full_game_characterization (test_shared_simulation_compatibility.SharedSimulationCompatibilityTest.test_canonical_full_game_characterization) ... ok
test_force_unsupported_preserves_diagnostic_exit (test_shared_simulation_compatibility.SharedSimulationCompatibilityTest.test_force_unsupported_preserves_diagnostic_exit) ... ok
test_nonterminal_max_steps_preserves_legacy_success_exit (test_shared_simulation_compatibility.SharedSimulationCompatibilityTest.test_nonterminal_max_steps_preserves_legacy_success_exit) ... ok
test_conformance_and_throughput_have_equal_semantic_results (test_worker_integration.NativeWorkerIntegrationTests.test_conformance_and_throughput_have_equal_semantic_results) ... ok
test_valid_invalid_valid_sequence_is_explicit_and_recoverable (test_worker_integration.NativeWorkerIntegrationTests.test_valid_invalid_valid_sequence_is_explicit_and_recoverable) ... ok
test_worker_counts_preserve_semantics_and_trace_hashes (test_worker_integration.NativeWorkerIntegrationTests.test_worker_counts_preserve_semantics_and_trace_hashes) ... ok
test_bounded_worker_semantic_and_trace_equivalence (test_worker_integration_fast.HostedFastWorkerIntegrationTests.test_bounded_worker_semantic_and_trace_equivalence) ... ok
test_recovery_is_root_job_id_only (test_worker_protocol.NativeWorkerProtocolRegressionTests.test_recovery_is_root_job_id_only) ... ok
test_coordinator_rejects_worker_metadata_and_timing_overrides (test_worker_protocol.WorkerProtocolContractTests.test_coordinator_rejects_worker_metadata_and_timing_overrides) ... ok
test_coordinator_still_accepts_valid_failed_worker_result (test_worker_protocol.WorkerProtocolContractTests.test_coordinator_still_accepts_valid_failed_worker_result) ... ok
test_deep_malformed_json_is_a_protocol_error (test_worker_protocol.WorkerProtocolContractTests.test_deep_malformed_json_is_a_protocol_error) ... ok
test_failed_result_requires_a_nonzero_error_counter (test_worker_protocol.WorkerProtocolContractTests.test_failed_result_requires_a_nonzero_error_counter) ... ok
test_job_unsigned_fields_reject_uint64_overflow (test_worker_protocol.WorkerProtocolContractTests.test_job_unsigned_fields_reject_uint64_overflow) ... ok
test_json_fixture_rejects_duplicate_and_trailing_data (test_worker_protocol.WorkerProtocolContractTests.test_json_fixture_rejects_duplicate_and_trailing_data) ... ok
test_json_fixture_rejects_unpaired_surrogates_but_accepts_valid_unicode (test_worker_protocol.WorkerProtocolContractTests.test_json_fixture_rejects_unpaired_surrogates_but_accepts_valid_unicode) ... ok
test_json_parser_rejects_all_negative_numeric_tokens (test_worker_protocol.WorkerProtocolContractTests.test_json_parser_rejects_all_negative_numeric_tokens) ... ok
test_json_parser_rejects_positive_decimal_and_exponent_tokens (test_worker_protocol.WorkerProtocolContractTests.test_json_parser_rejects_positive_decimal_and_exponent_tokens) ... ok
test_json_parser_rejects_uint64_overflow_and_accepts_integer_bounds (test_worker_protocol.WorkerProtocolContractTests.test_json_parser_rejects_uint64_overflow_and_accepts_integer_bounds) ... ok
test_malformed_json_recovers_only_root_job_id_read_before_failure (test_worker_protocol.WorkerProtocolContractTests.test_malformed_json_recovers_only_root_job_id_read_before_failure) ... ok
test_malformed_json_without_recoverable_job_id_is_not_a_result (test_worker_protocol.WorkerProtocolContractTests.test_malformed_json_without_recoverable_job_id_is_not_a_result) ... ok
test_native_uint32_boundaries_are_enforced (test_worker_protocol.WorkerProtocolContractTests.test_native_uint32_boundaries_are_enforced) ... ok
test_native_uint64_fields_retain_uint64_bounds (test_worker_protocol.WorkerProtocolContractTests.test_native_uint64_fields_retain_uint64_bounds) ... ok
test_outgoing_job_rejects_nonfinite_or_malformed_rules_identity (test_worker_protocol.WorkerProtocolContractTests.test_outgoing_job_rejects_nonfinite_or_malformed_rules_identity) ... ok
test_outgoing_surrogate_pairs_normalize_before_utf8_encoding (test_worker_protocol.WorkerProtocolContractTests.test_outgoing_surrogate_pairs_normalize_before_utf8_encoding) ... ok
test_outgoing_trace_output_matches_native_optional_string_contract (test_worker_protocol.WorkerProtocolContractTests.test_outgoing_trace_output_matches_native_optional_string_contract) ... ok
test_passed_result_rejects_nonzero_integrity_counter (test_worker_protocol.WorkerProtocolContractTests.test_passed_result_rejects_nonzero_integrity_counter) ... ok
test_passed_result_requires_64_hex_gameplay_hash (test_worker_protocol.WorkerProtocolContractTests.test_passed_result_requires_64_hex_gameplay_hash) ... ok
test_passed_result_requires_winner_and_reason (test_worker_protocol.WorkerProtocolContractTests.test_passed_result_requires_winner_and_reason) ... ok
test_ready_matching (test_worker_protocol.WorkerProtocolContractTests.test_ready_matching) ... ok
test_ready_rejects_missing_or_extra_keys (test_worker_protocol.WorkerProtocolContractTests.test_ready_rejects_missing_or_extra_keys) ... ok
test_ready_rejects_wrong_ordered_deck_hashes (test_worker_protocol.WorkerProtocolContractTests.test_ready_rejects_wrong_ordered_deck_hashes) ... ok
test_ready_rejects_wrong_patchset_sha (test_worker_protocol.WorkerProtocolContractTests.test_ready_rejects_wrong_patchset_sha) ... ok
test_ready_rejects_wrong_protocol (test_worker_protocol.WorkerProtocolContractTests.test_ready_rejects_wrong_protocol) ... ok
test_ready_rejects_wrong_rules_bundle (test_worker_protocol.WorkerProtocolContractTests.test_ready_rejects_wrong_rules_bundle) ... ok
test_ready_rejects_wrong_worker_identity (test_worker_protocol.WorkerProtocolContractTests.test_ready_rejects_wrong_worker_identity) ... ok
test_result_rejects_job_id_mismatch (test_worker_protocol.WorkerProtocolContractTests.test_result_rejects_job_id_mismatch) ... ok
test_result_rejects_negative_unsigned_value (test_worker_protocol.WorkerProtocolContractTests.test_result_rejects_negative_unsigned_value) ... ok
test_simulation_timing_requires_positive_pass_time_and_bounded_buckets (test_worker_protocol.WorkerProtocolContractTests.test_simulation_timing_requires_positive_pass_time_and_bounded_buckets) ... ok
test_unsigned_fields_reject_uint64_overflow (test_worker_protocol.WorkerProtocolContractTests.test_unsigned_fields_reject_uint64_overflow) ... ok
test_valid_failed_result_is_explicit (test_worker_protocol.WorkerProtocolContractTests.test_valid_failed_result_is_explicit) ... ok

----------------------------------------------------------------------
Ran 127 tests in 138.576s

OK
